2026-07-12 12:33:31,803 | INFO | ===== Valid Login Test Started =====
2026-07-12 12:33:32,028 | INFO | ===== Valid Login Test Passed =====
2026-07-12 12:33:35,906 | INFO | ===== Invalid Login Test Started =====
2026-07-12 12:33:36,129 | INFO | ===== Invalid Login Test Passed =====
2026-07-12 12:33:40,040 | INFO | ===== Empty Username Test Started =====
2026-07-12 12:33:40,251 | INFO | ===== Empty Username Test Passed =====
2026-07-12 12:33:44,107 | INFO | ===== Empty Password Test Started =====
2026-07-12 12:33:44,336 | INFO | ===== Empty Password Test Passed =====
2026-07-12 12:33:48,233 | INFO | ===== Locked User Test Started =====
2026-07-12 12:33:48,455 | INFO | ===== Locked User Test Passed =====
2026-07-12 12:40:07,182 | INFO | ===== Valid Login Test Started =====
2026-07-12 12:40:07,408 | INFO | ===== Valid Login Test Passed =====
2026-07-12 12:40:11,293 | INFO | ===== Invalid Login Test Started =====
2026-07-12 12:40:11,507 | INFO | ===== Invalid Login Test Passed =====
2026-07-12 12:40:15,387 | INFO | ===== Empty Username Test Started =====
2026-07-12 12:40:15,594 | INFO | ===== Empty Username Test Passed =====
2026-07-12 12:40:19,564 | INFO | ===== Empty Password Test Started =====
2026-07-12 12:40:19,787 | INFO | ===== Empty Password Test Passed =====
2026-07-12 12:40:23,632 | INFO | ===== Locked User Test Started =====
2026-07-12 12:40:23,857 | INFO | ===== Locked User Test Passed =====
2026-07-12 12:41:57,765 | INFO | ===== Valid Login Test Started =====
2026-07-12 12:41:58,016 | INFO | ===== Valid Login Test Passed =====
2026-07-12 12:42:01,922 | INFO | ===== Invalid Login Test Started =====
2026-07-12 12:42:02,150 | INFO | ===== Invalid Login Test Passed =====
2026-07-12 12:42:06,004 | INFO | ===== Empty Username Test Started =====
2026-07-12 12:42:06,242 | INFO | ===== Empty Username Test Passed =====
2026-07-12 12:42:10,138 | INFO | ===== Empty Password Test Started =====
2026-07-12 12:42:10,349 | INFO | ===== Empty Password Test Passed =====
2026-07-12 12:42:14,178 | INFO | ===== Locked User Test Started =====
2026-07-12 12:42:14,395 | INFO | ===== Locked User Test Passed =====
2026-07-12 19:40:26,003 | INFO | ===== Valid Login Test Started =====
2026-07-12 19:40:26,387 | INFO | ===== Valid Login Test Passed =====
2026-07-12 19:40:31,117 | INFO | ===== Invalid Login Test Started =====
2026-07-12 19:40:31,591 | INFO | ===== Invalid Login Test Passed =====
2026-07-12 19:40:36,669 | INFO | ===== Empty Username Test Started =====
2026-07-12 19:40:37,174 | INFO | ===== Empty Username Test Passed =====
2026-07-12 19:40:42,098 | INFO | ===== Empty Password Test Started =====
2026-07-12 19:40:42,555 | INFO | ===== Empty Password Test Passed =====
2026-07-12 19:40:47,340 | INFO | ===== Locked User Test Started =====
2026-07-12 19:40:47,795 | INFO | ===== Locked User Test Passed =====
2026-07-12 19:43:16,098 | INFO | ===== Valid Login Test Started =====
2026-07-12 19:43:16,550 | INFO | ===== Valid Login Test Passed =====
2026-07-12 19:43:21,421 | INFO | ===== Invalid Login Test Started =====
2026-07-12 19:43:21,851 | INFO | ===== Invalid Login Test Passed =====
2026-07-12 19:43:26,664 | INFO | ===== Empty Username Test Started =====
2026-07-12 19:43:27,010 | INFO | ===== Empty Username Test Passed =====
2026-07-12 19:43:31,905 | INFO | ===== Empty Password Test Started =====
2026-07-12 19:43:32,351 | INFO | ===== Empty Password Test Passed =====
2026-07-12 19:43:38,309 | INFO | ===== Locked User Test Started =====
2026-07-12 19:43:38,953 | INFO | ===== Locked User Test Passed =====
2026-07-12 19:47:33,895 | INFO | ===== Valid Login Test Started =====
2026-07-12 19:47:34,138 | INFO | ===== Valid Login Test Passed =====
2026-07-12 19:47:38,100 | INFO | ===== Invalid Login Test Started =====
2026-07-12 19:47:38,323 | INFO | ===== Invalid Login Test Passed =====
2026-07-12 19:47:42,262 | INFO | ===== Empty Username Test Started =====
2026-07-12 19:47:42,468 | INFO | ===== Empty Username Test Passed =====
2026-07-12 19:47:46,355 | INFO | ===== Empty Password Test Started =====
2026-07-12 19:47:46,565 | INFO | ===== Empty Password Test Passed =====
2026-07-12 19:47:50,479 | INFO | ===== Locked User Test Started =====
2026-07-12 19:47:50,715 | INFO | ===== Locked User Test Passed =====
2026-07-12 19:51:02,200 | INFO | ===== Valid Login Test Started =====
2026-07-12 19:51:02,432 | INFO | ===== Valid Login Test Passed =====
2026-07-12 19:51:06,287 | INFO | ===== Invalid Login Test Started =====
2026-07-12 19:51:06,542 | INFO | ===== Invalid Login Test Passed =====
2026-07-12 19:51:10,448 | INFO | ===== Empty Username Test Started =====
2026-07-12 19:51:10,673 | INFO | ===== Empty Username Test Passed =====
2026-07-12 19:51:14,582 | INFO | ===== Empty Password Test Started =====
2026-07-12 19:51:14,813 | INFO | ===== Empty Password Test Passed =====
2026-07-12 19:51:18,733 | INFO | ===== Locked User Test Started =====
2026-07-12 19:51:18,953 | INFO | ===== Locked User Test Passed =====
